// Jest Snapshot v1, https://goo.gl/fbAQLP

exports[`matches snapshot 1`] = `
<div
  className="d-flex flex-column justify-content-between h-100 container"
>
  <ul
    className="list-group"
    data-testid="todo-list"
    onKeyDown={[Function]}
  />
  <button
    className="mt-3 btn btn-primary"
    data-testid="add-item"
    disabled={false}
    onClick={[Function]}
    type="button"
  >
    Добавить элемент
  </button>
</div>
`;
