// Jest Snapshot v1, https://goo.gl/fbAQLP

exports[`matches snapshot 1`] = `
<div
  className="d-flex justify-content-start container"
>
  <div
    className="form-check"
  >
    <input
      className="form-check-input"
      data-testid="item"
      disabled={false}
      onClick={[Function]}
      type="checkbox"
      value={false}
    />
    <label
      className="form-check-label"
      title=""
    >
      Item
    </label>
  </div>
</div>
`;
